// Jest Snapshot v1, https://goo.gl/fbAQLP

exports[`exclude option should work well for typeorm 1`] = `Object {}`;

exports[`exportDefault option should work well 1`] = `Object {}`;

exports[`normal config should work well for typeorm 1`] = `Object {}`;

exports[`tables option should work well for typeorm 1`] = `Object {}`;

exports[`withColumnType option should work well for typeorm 1`] = `Object {}`;
